SQL> create profile LIMITED_PROFILE limit  #create a profile  using limit
  2  FAILED_LOGIN_ATTEMPTS 5;
create profile LIMITED_PROFILE limit


SQL> create user JANE identified by EYRE  #create a user with password
  2  profile LIMITED_PROFILE;


SQL> grant CREATE SESSION to JANE; #grant permission

Grant succeeded.


Step 1: Log in as SYSDBA

SQL> CONNECT SYS/password AS SYSDBA;
Connected.

Step 2: Unlock the account

SQL> ALTER USER JANE ACCOUNT UNLOCK;
User altered.

Step 3: Verify that the account is unlocked (optional)

SQL> SELECT username, account_status
  2  FROM dba_users
  3  WHERE username = 'JANE';

USERNAME                       ACCOUNT_STATUS
------------------------------ --------------------------------
JANE                           OPEN


SQL> ALTER USER JANE ACCOUNT LOCK;

User altered.

SQL> alter profile LIMITED_PROFILE limit  #Sets the maximum number of days a password can be used before the user is required to change 
  2  PASSWORD_LIFE_TIME 30;

Profile altered.

